[hostz.top/tmp/Y105OH/index.html]
[hostz.top/tmp/Y105OH/static/js/jquery-3.2.1.min.js]
[backblue.gif]
[fade.gif]
[index.html]
[hostz.top/tmp/Y105OH/static/css/font-awesome.css]
[hostz.top/tmp/Y105OH/static/js/jquery.min.js]
[hostz.top/tmp/Y105OH/static/font/KFOmCnqEu92Fr1Mu4mxKKTU1Kg.woff2]
[hostz.top/tmp/Y105OH/static/font/KFOlCnqEu92Fr1MmYUtfBBc4AMP6lQ.woff2]
[hostz.top/tmp/Y105OH/static/font/KFOlCnqEu92Fr1MmSU5fBBc4AMP6lQ.woff2]
[hostz.top/tmp/Y105OH/static/css/frontend.min.css]
[hostz.top/tmp/Y105OH/static/js/rocket-loader.min.js]
[hostz.top/tmp/Y105OH/static/css/css-Roboto100300400.css]
[hostz.top/tmp/Y105OH/static/css/astra-addon-64e4dc55d8a566-49446320.css]
[hostz.top/tmp/Y105OH/static/css/elementor-icons.min.css]
[hostz.top/tmp/Y105OH/static/css/frontend-lite.min-3.15.2.css]
[hostz.top/tmp/Y105OH/static/css/swiper.min.css]
[hostz.top/tmp/Y105OH/static/css/frontend-lite.min-3.15.1.css]
[hostz.top/tmp/Y105OH/static/css/uael-frontend.min.css]
[hostz.top/tmp/Y105OH/static/css/post-1376.css]
[hostz.top/tmp/Y105OH/static/css/post-404.css]
[hostz.top/tmp/Y105OH/static/css/post-409.css]
[hostz.top/tmp/Y105OH/static/css/fontawesome.min.css]
[hostz.top/tmp/Y105OH/static/js/jquery-migrate.min.js]
[hostz.top/tmp/Y105OH/static/js/enhanced-e-commerce-for-woocommerce-store__public__js__con-gtm-google-analytics-js-v70bd670ef1cdd7c9ab67f87e4c2383de9a278634.js]
[hostz.top/tmp/Y105OH/static/js/wprs-slick.min.js]
[hostz.top/tmp/Y105OH/static/js/wprev-public.min.js]
[hostz.top/tmp/Y105OH/static/js/43690584.js]
[hostz.top/tmp/Y105OH/static/js/jquery.min1.js]
[hostz.top/tmp/Y105OH/static/js/eafa1c7104.js]
[hostz.top/tmp/Y105OH/static/picture/NYSE-logo-300x110.webp]
[hostz.top/tmp/Y105OH/static/picture/NASDAQ-Logo-300x85.webp]
[hostz.top/tmp/Y105OH/static/picture/bloomberg-logo-300x84.webp]
[hostz.top/tmp/Y105OH/static/picture/Forbes-Logo-300x87.webp]
[hostz.top/tmp/Y105OH/static/picture/NYSE-logo-1024x375.webp]
[hostz.top/tmp/Y105OH/static/picture/NASDAQ-Logo-1024x291.webp]
[hostz.top/tmp/Y105OH/static/picture/CBOE-Logo-1024x349.webp]
[hostz.top/tmp/Y105OH/static/picture/bloomberg-logo.webp]
[hostz.top/tmp/Y105OH/static/picture/Forbes-Logo.webp]
[hostz.top/tmp/Y105OH/static/picture/intro_video-q3m46xtm36yzwlketfnd7224u2an1iy3a8gwcjz6ds.webp]
[hostz.top/tmp/Y105OH/static/picture/options_video-q3m47p2xle0b9agte9fjpd6i28ka8qyb1zdz9kurdc.webp]
[hostz.top/tmp/Y105OH/static/picture/alerts_reflect_3-1024x1024.webp]
[hostz.top/tmp/Y105OH/static/picture/chat_reflect-725x1024-1.webp]
[hostz.top/tmp/Y105OH/static/picture/darkpool_reflect_down-1024x1024-1-1024x1024.webp]
[hostz.top/tmp/Y105OH/static/picture/shouyi22.png]
[hostz.top/tmp/Y105OH/static/css/unlimited-elements-for-elementor-premium__assets_libraries__owl-carousel-new__assets__owl-carousel-css-v57b0318315e727d4c88c076d7999fcf10ba11ee9.css]
[hostz.top/tmp/Y105OH/static/css/content__uploads__ac_assets__carousel_flip_box__ue-flipbox-styles-css-vd7f1e0a38785f72341187feb7224043642149f52.css]
[hostz.top/tmp/Y105OH/static/picture/The-Kang-150x150-1-gigapixel-low_res-scale-4_00x.webp]
[hostz.top/tmp/Y105OH/static/picture/Swan-150x150-1-gigapixel-low_res-scale-4_00x.webp]
[hostz.top/tmp/Y105OH/static/picture/img-team-12-e1666740225610-150x150-gigapixel-low_res-scale-4_00x.webp]
[hostz.top/tmp/Y105OH/static/picture/Teah-150x150-gigapixel-low_res-scale-4_00x-300x300.webp]
[hostz.top/tmp/Y105OH/static/picture/Bender-150x150-upscale-300x300.webp]
[hostz.top/tmp/Y105OH/static/picture/Taylor-150x150-gigapixel-low_res-scale-4_00x-300x300.webp]
[hostz.top/tmp/Y105OH/static/picture/jenny-e1672358816380-150x150-gigapixel-low_res-scale-4_00x-300x300.webp]
[hostz.top/tmp/Y105OH/static/picture/KJ-scaled-e1668546970257-150x150-gigapixel-low_res-scale-4_00x-300x300.webp]
[hostz.top/tmp/Y105OH/static/picture/Mel-Stone-150x150-1-gigapixel-low_res-scale-4_00x-300x300.webp]
[hostz.top/tmp/Y105OH/static/picture/Star-Mike-150x150-1-gigapixel-low_res-scale-4_00x-300x300.webp]
[hostz.top/tmp/Y105OH/static/picture/Swan-150x150-1-gigapixel-low_res-scale-4_00x-300x300.webp]
[hostz.top/tmp/Y105OH/static/picture/The-Kang-150x150-1-gigapixel-low_res-scale-4_00x-300x300.webp]
[hostz.top/tmp/Y105OH/static/picture/img-team-12-e1666740225610-150x150-gigapixel-low_res-scale-4_00x-300x300.webp]
[hostz.top/tmp/Y105OH/static/picture/The-Kang-150x150-1.png]
[hostz.top/tmp/Y105OH/static/css/post-2519.css]
[hostz.top/tmp/Y105OH/static/css/animations.min.css]
[hostz.top/tmp/Y105OH/static/js/frontend.min-4.2.2.js]
[hostz.top/tmp/Y105OH/static/js/43690584-WordPress_10.2.3.js]
[hostz.top/tmp/Y105OH/static/js/imagesloaded.min.js]
[hostz.top/tmp/Y105OH/static/js/masonry.min.js]
[hostz.top/tmp/Y105OH/static/js/jquery.masonry.min.js]
[hostz.top/tmp/Y105OH/static/js/astra-addon-64e4dc560d3bf5-14977824.js]
[hostz.top/tmp/Y105OH/static/js/jquery.smartmenus.min.js]
[hostz.top/tmp/Y105OH/static/js/uael-frontend.min.js]
[hostz.top/tmp/Y105OH/static/js/content__uploads__ac_assets__uc_icon_accordion__icon_accordion-js-vb80f4a18908b2df0fe62d50dc4c8f714931b1277.js]
[hostz.top/tmp/Y105OH/static/js/owl.carousel.min.js]
[hostz.top/tmp/Y105OH/static/js/content__uploads__ac_assets__carousel_flip_box__ue-flip-box-item-js-ve89cbe3ddc78b407506f0ae5faf9a55ed4be5bc2.js]
[hostz.top/tmp/Y105OH/static/js/tooltipster.min.js]
[hostz.top/tmp/Y105OH/static/js/webpack-pro.runtime.min.js]
[hostz.top/tmp/Y105OH/static/js/webpack.runtime.min.js]
[hostz.top/tmp/Y105OH/static/js/frontend-modules.min.js]
[hostz.top/tmp/Y105OH/static/js/wp-polyfill-inert.min.js]
[hostz.top/tmp/Y105OH/static/js/regenerator-runtime.min.js]
[hostz.top/tmp/Y105OH/static/js/wp-polyfill.min.js]
[hostz.top/tmp/Y105OH/static/js/hooks.min.js]
[hostz.top/tmp/Y105OH/static/js/i18n.min.js]
[hostz.top/tmp/Y105OH/static/js/frontend.min-3.15.1.js]
[hostz.top/tmp/Y105OH/static/js/waypoints.min.js]
[hostz.top/tmp/Y105OH/static/js/core.min.js]
[hostz.top/tmp/Y105OH/static/js/frontend.min-3.15.2.js]
[hostz.top/tmp/Y105OH/static/js/elements-handlers.min.js]
[hostz.top/tmp/Y105OH/index.html]
[hostz.top/tmp/Y105OH/static/js/jquery.sticky.min.js]
[hostz.top/tmp/Y105OH/static/font/fontawesome-webfont.eot]
[hostz.top/tmp/Y105OH/static/font/fontawesome-webfont.woff2]
[hostz.top/tmp/Y105OH/static/font/fontawesome-webfont.woff]
[hostz.top/tmp/Y105OH/static/font/fontawesome-webfont.ttf]
[hostz.top/tmp/Y105OH/static/css/font-awesome.css]
[hostz.top/tmp/Y105OH/static/css/frontend.min.css]
[hostz.top/tmp/Y105OH/static/css/css-Roboto100300400.css]
[hostz.top/tmp/Y105OH/static/css/astra-addon-64e4dc55d8a566-49446320.css]
[hostz.top/tmp/Y105OH/static/css/elementor-icons.min.css]
[hostz.top/tmp/Y105OH/static/css/frontend-lite.min-3.15.2.css]
[hostz.top/tmp/Y105OH/static/css/swiper.min.css]
[hostz.top/tmp/Y105OH/static/css/frontend-lite.min-3.15.1.css]
[hostz.top/tmp/Y105OH/static/css/uael-frontend.min.css]
[hostz.top/tmp/Y105OH/static/css/post-1376.css]
[hostz.top/tmp/Y105OH/static/css/post-404.css]
[hostz.top/tmp/Y105OH/static/css/post-409.css]
[hostz.top/tmp/Y105OH/static/css/fontawesome.min.css]
[hostz.top/tmp/Y105OH/static/css/unlimited-elements-for-elementor-premium__assets_libraries__owl-carousel-new__assets__owl-carousel-css-v57b0318315e727d4c88c076d7999fcf10ba11ee9.css]
[hostz.top/tmp/Y105OH/static/css/content__uploads__ac_assets__carousel_flip_box__ue-flipbox-styles-css-vd7f1e0a38785f72341187feb7224043642149f52.css]
[hostz.top/tmp/Y105OH/static/css/post-2519.css]
[hostz.top/tmp/Y105OH/static/css/animations.min.css]
[hostz.top/tmp/Y105OH/static/font/fontawesome-webfont.svg]
[hostz.top/tmp/Y105OH/static/font/fontawesome-webfont.svg]
